Shards merged: 103 working servers
Pool   : 4444 servers kept
Date   : 2026-10-02 10:59 UTC
Working: 103
Deep check: 25 marked VIP (3/3 stable)
Per-country cap 1000000: 0 removed from working_clean.txt
Fastest ping: 165 ms | median: 1548 ms

Top countries (servers -> kept/VIP):
  CA: 99 -> 99 kept, 24 VIP
  ??: 4 -> 4 kept, 1 VIP
